// Jest Snapshot v1, https://goo.gl/fbAQLP

exports[`renders homepage unchanged 1`] = `
<div
  className="MuiContainer-root MuiContainer-maxWidthSm"
>
  <div
    className="MuiBox-root MuiBox-root-10"
  >
    <h1
      className="MuiTypography-root MuiTypography-h4 MuiTypography-gutterBottom"
    >
      Next.js Material UI Template
    </h1>
  </div>
</div>
`;
